Archive member included to satisfy reference by file (symbol)

d:/embedded/st/stm32cubeide_1.4.0/stm32cubeide/plugins/com.st.stm32cube.ide.mcu.externaltools.gnu-tools-for-stm32.7-2018-q2-update.win32_1.4.0.202007081208/tools/bin/../lib/gcc/arm-none-eabi/7.3.1/../../../../arm-none-eabi/lib/thumb/v7-m\libc_nano.a(lib_a-errno.o)
                              Core/Src/syscalls.o (__errno)
d:/embedded/st/stm32cubeide_1.4.0/stm32cubeide/plugins/com.st.stm32cube.ide.mcu.externaltools.gnu-tools-for-stm32.7-2018-q2-update.win32_1.4.0.202007081208/tools/bin/../lib/gcc/arm-none-eabi/7.3.1/../../../../arm-none-eabi/lib/thumb/v7-m\libc_nano.a(lib_a-exit.o)
                              d:/embedded/st/stm32cubeide_1.4.0/stm32cubeide/plugins/com.st.stm32cube.ide.mcu.externaltools.gnu-tools-for-stm32.7-2018-q2-update.win32_1.4.0.202007081208/tools/bin/../lib/gcc/arm-none-eabi/7.3.1/../../../../arm-none-eabi/lib/thumb/v7-m/crt0.o (exit)
d:/embedded/st/stm32cubeide_1.4.0/stm32cubeide/plugins/com.st.stm32cube.ide.mcu.externaltools.gnu-tools-for-stm32.7-2018-q2-update.win32_1.4.0.202007081208/tools/bin/../lib/gcc/arm-none-eabi/7.3.1/../../../../arm-none-eabi/lib/thumb/v7-m\libc_nano.a(lib_a-impure.o)
                              d:/embedded/st/stm32cubeide_1.4.0/stm32cubeide/plugins/com.st.stm32cube.ide.mcu.externaltools.gnu-tools-for-stm32.7-2018-q2-update.win32_1.4.0.202007081208/tools/bin/../lib/gcc/arm-none-eabi/7.3.1/../../../../arm-none-eabi/lib/thumb/v7-m\libc_nano.a(lib_a-exit.o) (_global_impure_ptr)
d:/embedded/st/stm32cubeide_1.4.0/stm32cubeide/plugins/com.st.stm32cube.ide.mcu.externaltools.gnu-tools-for-stm32.7-2018-q2-update.win32_1.4.0.202007081208/tools/bin/../lib/gcc/arm-none-eabi/7.3.1/../../../../arm-none-eabi/lib/thumb/v7-m\libc_nano.a(lib_a-init.o)
                              d:/embedded/st/stm32cubeide_1.4.0/stm32cubeide/plugins/com.st.stm32cube.ide.mcu.externaltools.gnu-tools-for-stm32.7-2018-q2-update.win32_1.4.0.202007081208/tools/bin/../lib/gcc/arm-none-eabi/7.3.1/../../../../arm-none-eabi/lib/thumb/v7-m/crt0.o (__libc_init_array)
d:/embedded/st/stm32cubeide_1.4.0/stm32cubeide/plugins/com.st.stm32cube.ide.mcu.externaltools.gnu-tools-for-stm32.7-2018-q2-update.win32_1.4.0.202007081208/tools/bin/../lib/gcc/arm-none-eabi/7.3.1/../../../../arm-none-eabi/lib/thumb/v7-m\libc_nano.a(lib_a-memcpy-stub.o)
                              Core/Src/communication.o (memcpy)
d:/embedded/st/stm32cubeide_1.4.0/stm32cubeide/plugins/com.st.stm32cube.ide.mcu.externaltools.gnu-tools-for-stm32.7-2018-q2-update.win32_1.4.0.202007081208/tools/bin/../lib/gcc/arm-none-eabi/7.3.1/../../../../arm-none-eabi/lib/thumb/v7-m\libc_nano.a(lib_a-memset.o)
                              d:/embedded/st/stm32cubeide_1.4.0/stm32cubeide/plugins/com.st.stm32cube.ide.mcu.externaltools.gnu-tools-for-stm32.7-2018-q2-update.win32_1.4.0.202007081208/tools/bin/../lib/gcc/arm-none-eabi/7.3.1/../../../../arm-none-eabi/lib/thumb/v7-m/crt0.o (memset)

Allocating common symbols
Common symbol       size              file

b_state             0x1               Core/Src/main.o
esc_struct          0x2               Core/Src/esc.o
uwTick              0x4               Drivers/STM32F1xx_HAL_Driver/Src/stm32f1xx_hal.o
pFlash              0x20              Drivers/STM32F1xx_HAL_Driver/Src/stm32f1xx_hal_flash.o
htim1               0x48              Core/Src/main.o
huart2              0x40              Core/Src/main.o

Discarded input sections

 .text          0x0000000000000000        0x0 d:/embedded/st/stm32cubeide_1.4.0/stm32cubeide/plugins/com.st.stm32cube.ide.mcu.externaltools.gnu-tools-for-stm32.7-2018-q2-update.win32_1.4.0.202007081208/tools/bin/../lib/gcc/arm-none-eabi/7.3.1/thumb/v7-m/crti.o
 .data          0x0000000000000000        0x0 d:/embedded/st/stm32cubeide_1.4.0/stm32cubeide/plugins/com.st.stm32cube.ide.mcu.externaltools.gnu-tools-for-stm32.7-2018-q2-update.win32_1.4.0.202007081208/tools/bin/../lib/gcc/arm-none-eabi/7.3.1/thumb/v7-m/crti.o
 .bss           0x0000000000000000        0x0 d:/embedded/st/stm32cubeide_1.4.0/stm32cubeide/plugins/com.st.stm32cube.ide.mcu.externaltools.gnu-tools-for-stm32.7-2018-q2-update.win32_1.4.0.202007081208/tools/bin/../lib/gcc/arm-none-eabi/7.3.1/thumb/v7-m/crti.o
 .data          0x0000000000000000        0x4 d:/embedded/st/stm32cubeide_1.4.0/stm32cubeide/plugins/com.st.stm32cube.ide.mcu.externaltools.gnu-tools-for-stm32.7-2018-q2-update.win32_1.4.0.202007081208/tools/bin/../lib/gcc/arm-none-eabi/7.3.1/thumb/v7-m/crtbegin.o
 .text          0x0000000000000000       0x74 d:/embedded/st/stm32cubeide_1.4.0/stm32cubeide/plugins/com.st.stm32cube.ide.mcu.externaltools.gnu-tools-for-stm32.7-2018-q2-update.win32_1.4.0.202007081208/tools/bin/../lib/gcc/arm-none-eabi/7.3.1/../../../../arm-none-eabi/lib/thumb/v7-m/crt0.o
[...]
Memory Configuration

Name             Origin             Length             Attributes
RAM              0x0000000020000000 0x0000000000002800 xrw
FLASH            0x0000000008000000 0x0000000000008000 xr
*default*        0x0000000000000000 0xffffffffffffffff

Linker script and memory map

LOAD d:/embedded/st/stm32cubeide_1.4.0/stm32cubeide/plugins/com.st.stm32cube.ide.mcu.externaltools.gnu-tools-for-stm32.7-2018-q2-update.win32_1.4.0.202007081208/tools/bin/../lib/gcc/arm-none-eabi/7.3.1/thumb/v7-m/crti.o
LOAD d:/embedded/st/stm32cubeide_1.4.0/stm32cubeide/plugins/com.st.stm32cube.ide.mcu.externaltools.gnu-tools-for-stm32.7-2018-q2-update.win32_1.4.0.202007081208/tools/bin/../lib/gcc/arm-none-eabi/7.3.1/thumb/v7-m/crtbegin.o
LOAD d:/embedded/st/stm32cubeide_1.4.0/stm32cubeide/plugins/com.st.stm32cube.ide.mcu.externaltools.gnu-tools-for-stm32.7-2018-q2-update.win32_1.4.0.202007081208/tools/bin/../lib/gcc/arm-none-eabi/7.3.1/../../../../arm-none-eabi/lib/thumb/v7-m/crt0.o
LOAD Core/Src/checksum.o
LOAD Core/Src/communication.o
LOAD Core/Src/esc.o
LOAD Core/Src/flash.o
LOAD Core/Src/main.o
LOAD Core/Src/stm32f1xx_hal_msp.o
LOAD Core/Src/stm32f1xx_it.o
LOAD Core/Src/syscalls.o
LOAD Core/Src/sysmem.o
LOAD Core/Src/system_stm32f1xx.o
LOAD Core/Startup/startup_stm32f103c6tx.o
LOAD Drivers/STM32F1xx_HAL_Driver/Src/stm32f1xx_hal.o
LOAD Drivers/STM32F1xx_HAL_Driver/Src/stm32f1xx_hal_cortex.o
LOAD Drivers/STM32F1xx_HAL_Driver/Src/stm32f1xx_hal_dma.o
LOAD Drivers/STM32F1xx_HAL_Driver/Src/stm32f1xx_hal_exti.o
LOAD Drivers/STM32F1xx_HAL_Driver/Src/stm32f1xx_hal_flash.o
LOAD Drivers/STM32F1xx_HAL_Driver/Src/stm32f1xx_hal_flash_ex.o
LOAD Drivers/STM32F1xx_HAL_Driver/Src/stm32f1xx_hal_gpio.o
LOAD Drivers/STM32F1xx_HAL_Driver/Src/stm32f1xx_hal_gpio_ex.o
LOAD Drivers/STM32F1xx_HAL_Driver/Src/stm32f1xx_hal_pwr.o
LOAD Drivers/STM32F1xx_HAL_Driver/Src/stm32f1xx_hal_rcc.o
LOAD Drivers/STM32F1xx_HAL_Driver/Src/stm32f1xx_hal_rcc_ex.o
LOAD Drivers/STM32F1xx_HAL_Driver/Src/stm32f1xx_hal_tim.o
LOAD Drivers/STM32F1xx_HAL_Driver/Src/stm32f1xx_hal_tim_ex.o
LOAD Drivers/STM32F1xx_HAL_Driver/Src/stm32f1xx_hal_uart.o
START GROUP
LOAD d:/embedded/st/stm32cubeide_1.4.0/stm32cubeide/plugins/com.st.stm32cube.ide.mcu.externaltools.gnu-tools-for-stm32.7-2018-q2-update.win32_1.4.0.202007081208/tools/bin/../lib/gcc/arm-none-eabi/7.3.1/../../../../arm-none-eabi/lib/thumb/v7-m\libc_nano.a
LOAD d:/embedded/st/stm32cubeide_1.4.0/stm32cubeide/plugins/com.st.stm32cube.ide.mcu.externaltools.gnu-tools-for-stm32.7-2018-q2-update.win32_1.4.0.202007081208/tools/bin/../lib/gcc/arm-none-eabi/7.3.1/../../../../arm-none-eabi/lib/thumb/v7-m\libm.a
END GROUP
START GROUP
LOAD d:/embedded/st/stm32cubeide_1.4.0/stm32cubeide/plugins/com.st.stm32cube.ide.mcu.externaltools.gnu-tools-for-stm32.7-2018-q2-update.win32_1.4.0.202007081208/tools/bin/../lib/gcc/arm-none-eabi/7.3.1/thumb/v7-m\libgcc.a
LOAD d:/embedded/st/stm32cubeide_1.4.0/stm32cubeide/plugins/com.st.stm32cube.ide.mcu.externaltools.gnu-tools-for-stm32.7-2018-q2-update.win32_1.4.0.202007081208/tools/bin/../lib/gcc/arm-none-eabi/7.3.1/../../../../arm-none-eabi/lib/thumb/v7-m\libc_nano.a
END GROUP
START GROUP
LOAD d:/embedded/st/stm32cubeide_1.4.0/stm32cubeide/plugins/com.st.stm32cube.ide.mcu.externaltools.gnu-tools-for-stm32.7-2018-q2-update.win32_1.4.0.202007081208/tools/bin/../lib/gcc/arm-none-eabi/7.3.1/thumb/v7-m\libgcc.a
LOAD d:/embedded/st/stm32cubeide_1.4.0/stm32cubeide/plugins/com.st.stm32cube.ide.mcu.externaltools.gnu-tools-for-stm32.7-2018-q2-update.win32_1.4.0.202007081208/tools/bin/../lib/gcc/arm-none-eabi/7.3.1/../../../../arm-none-eabi/lib/thumb/v7-m\libc_nano.a
LOAD d:/embedded/st/stm32cubeide_1.4.0/stm32cubeide/plugins/com.st.stm32cube.ide.mcu.externaltools.gnu-tools-for-stm32.7-2018-q2-update.win32_1.4.0.202007081208/tools/bin/../lib/gcc/arm-none-eabi/7.3.1/../../../../arm-none-eabi/lib/thumb/v7-m\libnosys.a
END GROUP
START GROUP
LOAD d:/embedded/st/stm32cubeide_1.4.0/stm32cubeide/plugins/com.st.stm32cube.ide.mcu.externaltools.gnu-tools-for-stm32.7-2018-q2-update.win32_1.4.0.202007081208/tools/bin/../lib/gcc/arm-none-eabi/7.3.1/thumb/v7-m\libgcc.a
LOAD d:/embedded/st/stm32cubeide_1.4.0/stm32cubeide/plugins/com.st.stm32cube.ide.mcu.externaltools.gnu-tools-for-stm32.7-2018-q2-update.win32_1.4.0.202007081208/tools/bin/../lib/gcc/arm-none-eabi/7.3.1/../../../../arm-none-eabi/lib/thumb/v7-m\libc_nano.a
LOAD d:/embedded/st/stm32cubeide_1.4.0/stm32cubeide/plugins/com.st.stm32cube.ide.mcu.externaltools.gnu-tools-for-stm32.7-2018-q2-update.win32_1.4.0.202007081208/tools/bin/../lib/gcc/arm-none-eabi/7.3.1/../../../../arm-none-eabi/lib/thumb/v7-m\libnosys.a
END GROUP
LOAD d:/embedded/st/stm32cubeide_1.4.0/stm32cubeide/plugins/com.st.stm32cube.ide.mcu.externaltools.gnu-tools-for-stm32.7-2018-q2-update.win32_1.4.0.202007081208/tools/bin/../lib/gcc/arm-none-eabi/7.3.1/thumb/v7-m/crtend.o
LOAD d:/embedded/st/stm32cubeide_1.4.0/stm32cubeide/plugins/com.st.stm32cube.ide.mcu.externaltools.gnu-tools-for-stm32.7-2018-q2-update.win32_1.4.0.202007081208/tools/bin/../lib/gcc/arm-none-eabi/7.3.1/thumb/v7-m/crtn.o
                0x0000000020002800                _estack = (ORIGIN (RAM) + LENGTH (RAM))
                0x0000000000000200                _Min_Heap_Size = 0x200
                0x0000000000000400                _Min_Stack_Size = 0x400

.isr_vector     0x0000000008000000      0x10c
                0x0000000008000000                . = ALIGN (0x4)
 *(.isr_vector)
 .isr_vector    0x0000000008000000      0x10c Core/Startup/startup_stm32f103c6tx.o
                0x0000000008000000                g_pfnVectors
                0x000000000800010c                . = ALIGN (0x4)

.text           0x000000000800010c     0x32f4
                0x000000000800010c                . = ALIGN (0x4)
 *(.text)
 .text          0x000000000800010c       0x40 d:/embedded/st/stm32cubeide_1.4.0/stm32cubeide/plugins/com.st.stm32cube.ide.mcu.externaltools.gnu-tools-for-stm32.7-2018-q2-update.win32_1.4.0.202007081208/tools/bin/../lib/gcc/arm-none-eabi/7.3.1/thumb/v7-m/crtbegin.o
 *(.text*)
 .text.IsChecksumm8bCorrect
                0x000000000800014c       0x58 Core/Src/checksum.o
                0x000000000800014c                IsChecksumm8bCorrect
 .text.AddChecksumm8b
                0x00000000080001a4       0x4a Core/Src/checksum.o
                0x00000000080001a4                AddChecksumm8b
 .text.parse_normal_package
                0x00000000080001ee       0x4c Core/Src/communication.o
                0x00000000080001ee                parse_normal_package
 *fill*         0x000000000800023a        0x2 
 .text.normal_response
                0x000000000800023c       0x78 Core/Src/communication.o
                0x000000000800023c                normal_response
 .text.parse_config_package
                0x00000000080002b4       0x4c Core/Src/communication.o
                0x00000000080002b4                parse_config_package
 .text.update_esc_settings
                0x0000000008000300       0x50 Core/Src/esc.o
                0x0000000008000300                update_esc_settings
 .text.FLASH_WriteSettings
                0x0000000008000350       0x84 Core/Src/flash.o
                0x0000000008000350                FLASH_WriteSettings
 .text.main     0x00000000080003d4      0x27c Core/Src/main.o
                0x00000000080003d4                main
 .text.SystemClock_Config
                0x0000000008000650       0x76 Core/Src/main.o
                0x0000000008000650                SystemClock_Config
 *fill*         0x00000000080006c6        0x2 
 .text.MX_TIM1_Init
                0x00000000080006c8      0x140 Core/Src/main.o
 .text.MX_USART2_UART_Init
                0x0000000008000808       0x54 Core/Src/main.o
 .text.MX_GPIO_Init
                0x000000000800085c       0xcc Core/Src/main.o
 .text.Error_Handler
                0x0000000008000928        0xc Core/Src/main.o
                0x0000000008000928                Error_Handler
 .text.HAL_MspInit
                0x0000000008000934       0x74 Core/Src/stm32f1xx_hal_msp.o
                0x0000000008000934                HAL_MspInit
 .text.HAL_TIM_Base_MspInit
                0x00000000080009a8       0x3c Core/Src/stm32f1xx_hal_msp.o
                0x00000000080009a8                HAL_TIM_Base_MspInit
 .text.HAL_TIM_MspPostInit
                0x00000000080009e4       0x68 Core/Src/stm32f1xx_hal_msp.o
                0x00000000080009e4                HAL_TIM_MspPostInit
 .text.HAL_UART_MspInit
                0x0000000008000a4c       0xa4 Core/Src/stm32f1xx_hal_msp.o
                0x0000000008000a4c                HAL_UART_MspInit
 .text.NMI_Handler
                0x0000000008000af0        0xc Core/Src/stm32f1xx_it.o
                0x0000000008000af0                NMI_Handler
 .text.HardFault_Handler
                0x0000000008000afc        0x6 Core/Src/stm32f1xx_it.o
                0x0000000008000afc                HardFault_Handler
 .text.MemManage_Handler
                0x0000000008000b02        0x6 Core/Src/stm32f1xx_it.o
                0x0000000008000b02                MemManage_Handler
 .text.BusFault_Handler
                0x0000000008000b08        0x6 Core/Src/stm32f1xx_it.o
                0x0000000008000b08                BusFault_Handler
 .text.UsageFault_Handler
                0x0000000008000b0e        0x6 Core/Src/stm32f1xx_it.o
                0x0000000008000b0e                UsageFault_Handler
 .text.SVC_Handler
                0x0000000008000b14        0xc Core/Src/stm32f1xx_it.o
                0x0000000008000b14                SVC_Handler
 .text.DebugMon_Handler
                0x0000000008000b20        0xc Core/Src/stm32f1xx_it.o
                0x0000000008000b20                DebugMon_Handler
 .text.PendSV_Handler
                0x0000000008000b2c        0xc Core/Src/stm32f1xx_it.o
                0x0000000008000b2c                PendSV_Handler
 .text.SysTick_Handler
                0x0000000008000b38        0xc Core/Src/stm32f1xx_it.o
                0x0000000008000b38                SysTick_Handler
 .text.RCC_IRQHandler
                0x0000000008000b44        0xc Core/Src/stm32f1xx_it.o
                0x0000000008000b44                RCC_IRQHandler
 .text.USART2_IRQHandler
                0x0000000008000b50       0x14 Core/Src/stm32f1xx_it.o
                0x0000000008000b50                USART2_IRQHandler
 .text.HAL_UART_RxCpltCallback
                0x0000000008000b64       0xfc Core/Src/stm32f1xx_it.o
                0x0000000008000b64                HAL_UART_RxCpltCallback
 .text.HAL_UART_TxCpltCallback
                0x0000000008000c60       0x20 Core/Src/stm32f1xx_it.o
                0x0000000008000c60                HAL_UART_TxCpltCallback
 .text.SystemInit
                0x0000000008000c80        0xc Core/Src/system_stm32f1xx.o
                0x0000000008000c80                SystemInit
 .text.Reset_Handler
                0x0000000008000c8c       0x48 Core/Startup/startup_stm32f103c6tx.o
                0x0000000008000c8c                Reset_Handler
 .text.Default_Handler
                0x0000000008000cd4        0x2 Core/Startup/startup_stm32f103c6tx.o
                0x0000000008000cd4                RTC_Alarm_IRQHandler
                0x0000000008000cd4                EXTI2_IRQHandler
                0x0000000008000cd4                TIM1_CC_IRQHandler
                0x0000000008000cd4                PVD_IRQHandler
                0x0000000008000cd4                EXTI3_IRQHandler
                0x0000000008000cd4                EXTI0_IRQHandler
                0x0000000008000cd4                ADC1_2_IRQHandler
                0x0000000008000cd4                SPI1_IRQHandler
                0x0000000008000cd4                TAMPER_IRQHandler
                0x0000000008000cd4                DMA1_Channel4_IRQHandler
                0x0000000008000cd4                RTC_IRQHandler
                0x0000000008000cd4                DMA1_Channel7_IRQHandler
                0x0000000008000cd4                CAN1_RX1_IRQHandler
                0x0000000008000cd4                I2C1_EV_IRQHandler
                0x0000000008000cd4                DMA1_Channel6_IRQHandler
                0x0000000008000cd4                TIM3_IRQHandler
                0x0000000008000cd4                TIM1_TRG_COM_IRQHandler
                0x0000000008000cd4                DMA1_Channel1_IRQHandler
                0x0000000008000cd4                Default_Handler
                0x0000000008000cd4                EXTI15_10_IRQHandler
                0x0000000008000cd4                EXTI9_5_IRQHandler
                0x0000000008000cd4                DMA1_Channel5_IRQHandler
                0x0000000008000cd4                EXTI4_IRQHandler
                0x0000000008000cd4                USB_LP_CAN1_RX0_IRQHandler
                0x0000000008000cd4                USB_HP_CAN1_TX_IRQHandler
                0x0000000008000cd4                DMA1_Channel3_IRQHandler
                0x0000000008000cd4                TIM1_UP_IRQHandler
                0x0000000008000cd4                WWDG_IRQHandler
                0x0000000008000cd4                TIM2_IRQHandler
                0x0000000008000cd4                TIM1_BRK_IRQHandler
                0x0000000008000cd4                EXTI1_IRQHandler
                0x0000000008000cd4                DMA1_Channel2_IRQHandler
                0x0000000008000cd4                CAN1_SCE_IRQHandler
                0x0000000008000cd4                FLASH_IRQHandler
                0x0000000008000cd4                USART1_IRQHandler
                0x0000000008000cd4                I2C1_ER_IRQHandler
                0x0000000008000cd4                USBWakeUp_IRQHandler
 *fill*         0x0000000008000cd6        0x2 
 .text.HAL_Init
                0x0000000008000cd8       0x2c Drivers/STM32F1xx_HAL_Driver/Src/stm32f1xx_hal.o
                0x0000000008000cd8                HAL_Init
 .text.HAL_InitTick
                0x0000000008000d04       0x60 Drivers/STM32F1xx_HAL_Driver/Src/stm32f1xx_hal.o
                0x0000000008000d04                HAL_InitTick
 .text.HAL_IncTick
                0x0000000008000d64       0x24 Drivers/STM32F1xx_HAL_Driver/Src/stm32f1xx_hal.o
                0x0000000008000d64                HAL_IncTick
 .text.HAL_GetTick
                0x0000000008000d88       0x14 Drivers/STM32F1xx_HAL_Driver/Src/stm32f1xx_hal.o
                0x0000000008000d88                HAL_GetTick
 .text.HAL_Delay
                0x0000000008000d9c       0x44 Drivers/STM32F1xx_HAL_Driver/Src/stm32f1xx_hal.o
                0x0000000008000d9c                HAL_Delay
 .text.__NVIC_SetPriorityGrouping
                0x0000000008000de0       0x48 Drivers/STM32F1xx_HAL_Driver/Src/stm32f1xx_hal_cortex.o
 .text.__NVIC_GetPriorityGrouping
                0x0000000008000e28       0x1c Drivers/STM32F1xx_HAL_Driver/Src/stm32f1xx_hal_cortex.o
 .text.__NVIC_EnableIRQ
                0x0000000008000e44       0x38 Drivers/STM32F1xx_HAL_Driver/Src/stm32f1xx_hal_cortex.o
 .text.__NVIC_SetPriority
                0x0000000008000e7c       0x54 Drivers/STM32F1xx_HAL_Driver/Src/stm32f1xx_hal_cortex.o
 .text.NVIC_EncodePriority
                0x0000000008000ed0       0x64 Drivers/STM32F1xx_HAL_Driver/Src/stm32f1xx_hal_cortex.o
 .text.SysTick_Config
                0x0000000008000f34       0x44 Drivers/STM32F1xx_HAL_Driver/Src/stm32f1xx_hal_cortex.o
 .text.HAL_NVIC_SetPriorityGrouping
                0x0000000008000f78       0x16 Drivers/STM32F1xx_HAL_Driver/Src/stm32f1xx_hal_cortex.o
                0x0000000008000f78                HAL_NVIC_SetPriorityGrouping
 .text.HAL_NVIC_SetPriority
                0x0000000008000f8e       0x38 Drivers/STM32F1xx_HAL_Driver/Src/stm32f1xx_hal_cortex.o
                0x0000000008000f8e                HAL_NVIC_SetPriority
 .text.HAL_NVIC_EnableIRQ
                0x0000000008000fc6       0x1c Drivers/STM32F1xx_HAL_Driver/Src/stm32f1xx_hal_cortex.o
                0x0000000008000fc6                HAL_NVIC_EnableIRQ
 .text.HAL_SYSTICK_Config
                0x0000000008000fe2       0x18 Drivers/STM32F1xx_HAL_Driver/Src/stm32f1xx_hal_cortex.o
                0x0000000008000fe2                HAL_SYSTICK_Config
 *fill*         0x0000000008000ffa        0x2 
 .text.HAL_DMA_Abort_IT
                0x0000000008000ffc       0xec Drivers/STM32F1xx_HAL_Driver/Src/stm32f1xx_hal_dma.o
                0x0000000008000ffc                HAL_DMA_Abort_IT
 .text.HAL_FLASH_Program
                0x00000000080010e8       0xe0 Drivers/STM32F1xx_HAL_Driver/Src/stm32f1xx_hal_flash.o
                0x00000000080010e8                HAL_FLASH_Program
 .text.HAL_FLASH_Unlock
                0x00000000080011c8       0x4c Drivers/STM32F1xx_HAL_Driver/Src/stm32f1xx_hal_flash.o
                0x00000000080011c8                HAL_FLASH_Unlock
 .text.HAL_FLASH_Lock
                0x0000000008001214       0x20 Drivers/STM32F1xx_HAL_Driver/Src/stm32f1xx_hal_flash.o
                0x0000000008001214                HAL_FLASH_Lock
 .text.FLASH_Program_HalfWord
                0x0000000008001234       0x38 Drivers/STM32F1xx_HAL_Driver/Src/stm32f1xx_hal_flash.o
 .text.FLASH_WaitForLastOperation
                0x000000000800126c       0x8c Drivers/STM32F1xx_HAL_Driver/Src/stm32f1xx_hal_flash.o
                0x000000000800126c                FLASH_WaitForLastOperation
 .text.FLASH_SetErrorCode
                0x00000000080012f8       0xa0 Drivers/STM32F1xx_HAL_Driver/Src/stm32f1xx_hal_flash.o
 .text.HAL_FLASHEx_Erase
                0x0000000008001398       0xd8 Drivers/STM32F1xx_HAL_Driver/Src/stm32f1xx_hal_flash_ex.o
                0x0000000008001398                HAL_FLASHEx_Erase
 .text.FLASH_MassErase
                0x0000000008001470       0x38 Drivers/STM32F1xx_HAL_Driver/Src/stm32f1xx_hal_flash_ex.o
 .text.FLASH_PageErase
                0x00000000080014a8       0x40 Drivers/STM32F1xx_HAL_Driver/Src/stm32f1xx_hal_flash_ex.o
                0x00000000080014a8                FLASH_PageErase
 .text.HAL_GPIO_Init
                0x00000000080014e8      0x2a4 Drivers/STM32F1xx_HAL_Driver/Src/stm32f1xx_hal_gpio.o
                0x00000000080014e8                HAL_GPIO_Init
 .text.HAL_GPIO_ReadPin
                0x000000000800178c       0x2e Drivers/STM32F1xx_HAL_Driver/Src/stm32f1xx_hal_gpio.o
                0x000000000800178c                HAL_GPIO_ReadPin
 .text.HAL_GPIO_WritePin
                0x00000000080017ba       0x30 Drivers/STM32F1xx_HAL_Driver/Src/stm32f1xx_hal_gpio.o
                0x00000000080017ba                HAL_GPIO_WritePin
 .text.HAL_GPIO_TogglePin
                0x00000000080017ea       0x32 Drivers/STM32F1xx_HAL_Driver/Src/stm32f1xx_hal_gpio.o
                0x00000000080017ea                HAL_GPIO_TogglePin
 .text.HAL_RCC_OscConfig
                0x000000000800181c      0x500 Drivers/STM32F1xx_HAL_Driver/Src/stm32f1xx_hal_rcc.o
                0x000000000800181c                HAL_RCC_OscConfig
 .text.HAL_RCC_ClockConfig
                0x0000000008001d1c      0x1d4 Drivers/STM32F1xx_HAL_Driver/Src/stm32f1xx_hal_rcc.o
                0x0000000008001d1c                HAL_RCC_ClockConfig
 .text.HAL_RCC_GetSysClockFreq
                0x0000000008001ef0       0xc4 Drivers/STM32F1xx_HAL_Driver/Src/stm32f1xx_hal_rcc.o
                0x0000000008001ef0                HAL_RCC_GetSysClockFreq
 .text.HAL_RCC_GetHCLKFreq
                0x0000000008001fb4       0x14 Drivers/STM32F1xx_HAL_Driver/Src/stm32f1xx_hal_rcc.o
                0x0000000008001fb4                HAL_RCC_GetHCLKFreq
 .text.HAL_RCC_GetPCLK1Freq
                0x0000000008001fc8       0x28 Drivers/STM32F1xx_HAL_Driver/Src/stm32f1xx_hal_rcc.o
                0x0000000008001fc8                HAL_RCC_GetPCLK1Freq
 .text.HAL_RCC_GetPCLK2Freq
                0x0000000008001ff0       0x28 Drivers/STM32F1xx_HAL_Driver/Src/stm32f1xx_hal_rcc.o
                0x0000000008001ff0                HAL_RCC_GetPCLK2Freq
 .text.RCC_Delay
                0x0000000008002018       0x3c Drivers/STM32F1xx_HAL_Driver/Src/stm32f1xx_hal_rcc.o
 .text.HAL_TIM_Base_Init
                0x0000000008002054       0x9e Drivers/STM32F1xx_HAL_Driver/Src/stm32f1xx_hal_tim.o
                0x0000000008002054                HAL_TIM_Base_Init
 .text.HAL_TIM_PWM_Init
                0x00000000080020f2       0x9e Drivers/STM32F1xx_HAL_Driver/Src/stm32f1xx_hal_tim.o
                0x00000000080020f2                HAL_TIM_PWM_Init
 .text.HAL_TIM_PWM_MspInit
                0x0000000008002190       0x12 Drivers/STM32F1xx_HAL_Driver/Src/stm32f1xx_hal_tim.o
                0x0000000008002190                HAL_TIM_PWM_MspInit
 *fill*         0x00000000080021a2        0x2 
 .text.HAL_TIM_PWM_Start
                0x00000000080021a4      0x138 Drivers/STM32F1xx_HAL_Driver/Src/stm32f1xx_hal_tim.o
                0x00000000080021a4                HAL_TIM_PWM_Start
 .text.HAL_TIM_PWM_ConfigChannel
                0x00000000080022dc      0x17c Drivers/STM32F1xx_HAL_Driver/Src/stm32f1xx_hal_tim.o
                0x00000000080022dc                HAL_TIM_PWM_ConfigChannel
 .text.HAL_TIM_ConfigClockSource
                0x0000000008002458      0x16e Drivers/STM32F1xx_HAL_Driver/Src/stm32f1xx_hal_tim.o
                0x0000000008002458                HAL_TIM_ConfigClockSource
 *fill*         0x00000000080025c6        0x2 
 .text.TIM_Base_SetConfig
                0x00000000080025c8       0xb0 Drivers/STM32F1xx_HAL_Driver/Src/stm32f1xx_hal_tim.o
                0x00000000080025c8                TIM_Base_SetConfig
 .text.TIM_OC1_SetConfig
                0x0000000008002678       0xcc Drivers/STM32F1xx_HAL_Driver/Src/stm32f1xx_hal_tim.o
 .text.TIM_OC2_SetConfig
                0x0000000008002744       0xd4 Drivers/STM32F1xx_HAL_Driver/Src/stm32f1xx_hal_tim.o
                0x0000000008002744                TIM_OC2_SetConfig
 .text.TIM_OC3_SetConfig
                0x0000000008002818       0xd4 Drivers/STM32F1xx_HAL_Driver/Src/stm32f1xx_hal_tim.o
 .text.TIM_OC4_SetConfig
                0x00000000080028ec       0x9c Drivers/STM32F1xx_HAL_Driver/Src/stm32f1xx_hal_tim.o
 .text.TIM_TI1_ConfigInputStage
                0x0000000008002988       0x5c Drivers/STM32F1xx_HAL_Driver/Src/stm32f1xx_hal_tim.o
 .text.TIM_TI2_ConfigInputStage
                0x00000000080029e4       0x5e Drivers/STM32F1xx_HAL_Driver/Src/stm32f1xx_hal_tim.o
 .text.TIM_ITRx_SetConfig
                0x0000000008002a42       0x34 Drivers/STM32F1xx_HAL_Driver/Src/stm32f1xx_hal_tim.o
 .text.TIM_ETR_SetConfig
                0x0000000008002a76       0x3e Drivers/STM32F1xx_HAL_Driver/Src/stm32f1xx_hal_tim.o
                0x0000000008002a76                TIM_ETR_SetConfig
 .text.TIM_CCxChannelCmd
                0x0000000008002ab4       0x48 Drivers/STM32F1xx_HAL_Driver/Src/stm32f1xx_hal_tim.o
                0x0000000008002ab4                TIM_CCxChannelCmd
 .text.HAL_TIMEx_MasterConfigSynchronization
                0x0000000008002afc       0xb0 Drivers/STM32F1xx_HAL_Driver/Src/stm32f1xx_hal_tim_ex.o
                0x0000000008002afc                HAL_TIMEx_MasterConfigSynchronization
 .text.HAL_TIMEx_ConfigBreakDeadTime
                0x0000000008002bac       0xa2 Drivers/STM32F1xx_HAL_Driver/Src/stm32f1xx_hal_tim_ex.o
                0x0000000008002bac                HAL_TIMEx_ConfigBreakDeadTime
 .text.HAL_UART_Init
                0x0000000008002c4e       0x9a Drivers/STM32F1xx_HAL_Driver/Src/stm32f1xx_hal_uart.o
                0x0000000008002c4e                HAL_UART_Init
 .text.HAL_UART_Transmit_IT
                0x0000000008002ce8       0x88 Drivers/STM32F1xx_HAL_Driver/Src/stm32f1xx_hal_uart.o
                0x0000000008002ce8                HAL_UART_Transmit_IT
 .text.HAL_UART_Receive_IT
                0x0000000008002d70       0xa8 Drivers/STM32F1xx_HAL_Driver/Src/stm32f1xx_hal_uart.o
                0x0000000008002d70                HAL_UART_Receive_IT
 .text.HAL_UART_IRQHandler
                0x0000000008002e18      0x200 Drivers/STM32F1xx_HAL_Driver/Src/stm32f1xx_hal_uart.o
                0x0000000008002e18                HAL_UART_IRQHandler
 .text.HAL_UART_ErrorCallback
                0x0000000008003018       0x12 Drivers/STM32F1xx_HAL_Driver/Src/stm32f1xx_hal_uart.o
                0x0000000008003018                HAL_UART_ErrorCallback
 .text.UART_EndRxTransfer
                0x000000000800302a       0x3a Drivers/STM32F1xx_HAL_Driver/Src/stm32f1xx_hal_uart.o
 .text.UART_DMAAbortOnError
                0x0000000008003064       0x28 Drivers/STM32F1xx_HAL_Driver/Src/stm32f1xx_hal_uart.o
 .text.UART_Transmit_IT
                0x000000000800308c       0x9e Drivers/STM32F1xx_HAL_Driver/Src/stm32f1xx_hal_uart.o
 .text.UART_EndTransmit_IT
                0x000000000800312a       0x30 Drivers/STM32F1xx_HAL_Driver/Src/stm32f1xx_hal_uart.o
 .text.UART_Receive_IT
                0x000000000800315a      0x100 Drivers/STM32F1xx_HAL_Driver/Src/stm32f1xx_hal_uart.o
 *fill*         0x000000000800325a        0x2 
 .text.UART_SetConfig
                0x000000000800325c      0x11c Drivers/STM32F1xx_HAL_Driver/Src/stm32f1xx_hal_uart.o
 .text.__libc_init_array
                0x0000000008003378       0x48 d:/embedded/st/stm32cubeide_1.4.0/stm32cubeide/plugins/com.st.stm32cube.ide.mcu.externaltools.gnu-tools-for-stm32.7-2018-q2-update.win32_1.4.0.202007081208/tools/bin/../lib/gcc/arm-none-eabi/7.3.1/../../../../arm-none-eabi/lib/thumb/v7-m\libc_nano.a(lib_a-init.o)
                0x0000000008003378                __libc_init_array
 .text.memcpy   0x00000000080033c0       0x16 d:/embedded/st/stm32cubeide_1.4.0/stm32cubeide/plugins/com.st.stm32cube.ide.mcu.externaltools.gnu-tools-for-stm32.7-2018-q2-update.win32_1.4.0.202007081208/tools/bin/../lib/gcc/arm-none-eabi/7.3.1/../../../../arm-none-eabi/lib/thumb/v7-m\libc_nano.a(lib_a-memcpy-stub.o)
                0x00000000080033c0                memcpy
 .text.memset   0x00000000080033d6       0x10 d:/embedded/st/stm32cubeide_1.4.0/stm32cubeide/plugins/com.st.stm32cube.ide.mcu.externaltools.gnu-tools-for-stm32.7-2018-q2-update.win32_1.4.0.202007081208/tools/bin/../lib/gcc/arm-none-eabi/7.3.1/../../../../arm-none-eabi/lib/thumb/v7-m\libc_nano.a(lib_a-memset.o)
                0x00000000080033d6                memset
 *(.glue_7)
 .glue_7        0x00000000080033e6        0x0 linker stubs
 *(.glue_7t)
 .glue_7t       0x00000000080033e6        0x0 linker stubs
 *(.eh_frame)
 *fill*         0x00000000080033e6        0x2 
 .eh_frame      0x00000000080033e8        0x0 d:/embedded/st/stm32cubeide_1.4.0/stm32cubeide/plugins/com.st.stm32cube.ide.mcu.externaltools.gnu-tools-for-stm32.7-2018-q2-update.win32_1.4.0.202007081208/tools/bin/../lib/gcc/arm-none-eabi/7.3.1/thumb/v7-m/crtbegin.o
 *(.init)
 .init          0x00000000080033e8        0x4 d:/embedded/st/stm32cubeide_1.4.0/stm32cubeide/plugins/com.st.stm32cube.ide.mcu.externaltools.gnu-tools-for-stm32.7-2018-q2-update.win32_1.4.0.202007081208/tools/bin/../lib/gcc/arm-none-eabi/7.3.1/thumb/v7-m/crti.o
                0x00000000080033e8                _init
 .init          0x00000000080033ec        0x8 d:/embedded/st/stm32cubeide_1.4.0/stm32cubeide/plugins/com.st.stm32cube.ide.mcu.externaltools.gnu-tools-for-stm32.7-2018-q2-update.win32_1.4.0.202007081208/tools/bin/../lib/gcc/arm-none-eabi/7.3.1/thumb/v7-m/crtn.o
 *(.fini)
 .fini          0x00000000080033f4        0x4 d:/embedded/st/stm32cubeide_1.4.0/stm32cubeide/plugins/com.st.stm32cube.ide.mcu.externaltools.gnu-tools-for-stm32.7-2018-q2-update.win32_1.4.0.202007081208/tools/bin/../lib/gcc/arm-none-eabi/7.3.1/thumb/v7-m/crti.o
                0x00000000080033f4                _fini
 .fini          0x00000000080033f8        0x8 d:/embedded/st/stm32cubeide_1.4.0/stm32cubeide/plugins/com.st.stm32cube.ide.mcu.externaltools.gnu-tools-for-stm32.7-2018-q2-update.win32_1.4.0.202007081208/tools/bin/../lib/gcc/arm-none-eabi/7.3.1/thumb/v7-m/crtn.o
                0x0000000008003400                . = ALIGN (0x4)
                0x0000000008003400                _etext = .

.vfp11_veneer   0x0000000008003400        0x0
 .vfp11_veneer  0x0000000008003400        0x0 linker stubs

.v4_bx          0x0000000008003400        0x0
 .v4_bx         0x0000000008003400        0x0 linker stubs

.iplt           0x0000000008003400        0x0
 .iplt          0x0000000008003400        0x0 d:/embedded/st/stm32cubeide_1.4.0/stm32cubeide/plugins/com.st.stm32cube.ide.mcu.externaltools.gnu-tools-for-stm32.7-2018-q2-update.win32_1.4.0.202007081208/tools/bin/../lib/gcc/arm-none-eabi/7.3.1/thumb/v7-m/crtbegin.o

.rodata         0x0000000008003400       0x2c
                0x0000000008003400                . = ALIGN (0x4)
 *(.rodata)
 .rodata        0x0000000008003400       0x12 Drivers/STM32F1xx_HAL_Driver/Src/stm32f1xx_hal_rcc.o
 *(.rodata*)
 *fill*         0x0000000008003412        0x2 
 .rodata.AHBPrescTable
                0x0000000008003414       0x10 Core/Src/system_stm32f1xx.o
                0x0000000008003414                AHBPrescTable
 .rodata.APBPrescTable
                0x0000000008003424        0x8 Core/Src/system_stm32f1xx.o
                0x0000000008003424                APBPrescTable
                0x000000000800342c                . = ALIGN (0x4)

.rel.dyn        0x000000000800342c        0x0
 .rel.iplt      0x000000000800342c        0x0 d:/embedded/st/stm32cubeide_1.4.0/stm32cubeide/plugins/com.st.stm32cube.ide.mcu.externaltools.gnu-tools-for-stm32.7-2018-q2-update.win32_1.4.0.202007081208/tools/bin/../lib/gcc/arm-none-eabi/7.3.1/thumb/v7-m/crtbegin.o

.ARM.extab      0x000000000800342c        0x0
                0x000000000800342c                . = ALIGN (0x4)
 *(.ARM.extab* .gnu.linkonce.armextab.*)
                0x000000000800342c                . = ALIGN (0x4)

.ARM            0x000000000800342c        0x0
                0x000000000800342c                . = ALIGN (0x4)
                0x000000000800342c                __exidx_start = .
 *(.ARM.exidx*)
                0x000000000800342c                __exidx_end = .
                0x000000000800342c                . = ALIGN (0x4)

.preinit_array  0x000000000800342c        0x0
                0x000000000800342c                . = ALIGN (0x4)
                0x000000000800342c                PROVIDE (__preinit_array_start = .)
 *(.preinit_array*)
                0x000000000800342c                PROVIDE (__preinit_array_end = .)
                0x000000000800342c                . = ALIGN (0x4)

.init_array     0x000000000800342c        0x4
                0x000000000800342c                . = ALIGN (0x4)
                0x000000000800342c                PROVIDE (__init_array_start = .)
 *(SORT_BY_NAME(.init_array.*))
 *(.init_array*)
 .init_array    0x000000000800342c        0x4 d:/embedded/st/stm32cubeide_1.4.0/stm32cubeide/plugins/com.st.stm32cube.ide.mcu.externaltools.gnu-tools-for-stm32.7-2018-q2-update.win32_1.4.0.202007081208/tools/bin/../lib/gcc/arm-none-eabi/7.3.1/thumb/v7-m/crtbegin.o
                0x0000000008003430                PROVIDE (__init_array_end = .)
                0x0000000008003430                . = ALIGN (0x4)

.fini_array     0x0000000008003430        0x4
                0x0000000008003430                . = ALIGN (0x4)
                [!provide]                        PROVIDE (__fini_array_start = .)
 *(SORT_BY_NAME(.fini_array.*))
 *(.fini_array*)
 .fini_array    0x0000000008003430        0x4 d:/embedded/st/stm32cubeide_1.4.0/stm32cubeide/plugins/com.st.stm32cube.ide.mcu.externaltools.gnu-tools-for-stm32.7-2018-q2-update.win32_1.4.0.202007081208/tools/bin/../lib/gcc/arm-none-eabi/7.3.1/thumb/v7-m/crtbegin.o
                [!provide]                        PROVIDE (__fini_array_end = .)
                0x0000000008003434                . = ALIGN (0x4)
                0x0000000008003434                _sidata = LOADADDR (.data)

.data           0x0000000020000000        0xc load address 0x0000000008003434
                0x0000000020000000                . = ALIGN (0x4)
                0x0000000020000000                _sdata = .
 *(.data)
 *(.data*)
 .data.SystemCoreClock
                0x0000000020000000        0x4 Core/Src/system_stm32f1xx.o
                0x0000000020000000                SystemCoreClock
 .data.uwTickPrio
                0x0000000020000004        0x4 Drivers/STM32F1xx_HAL_Driver/Src/stm32f1xx_hal.o
                0x0000000020000004                uwTickPrio
 .data.uwTickFreq
                0x0000000020000008        0x1 Drivers/STM32F1xx_HAL_Driver/Src/stm32f1xx_hal.o
                0x0000000020000008                uwTickFreq
                0x000000002000000c                . = ALIGN (0x4)
 *fill*         0x0000000020000009        0x3 
                0x000000002000000c                _edata = .

.igot.plt       0x000000002000000c        0x0 load address 0x0000000008003440
 .igot.plt      0x000000002000000c        0x0 d:/embedded/st/stm32cubeide_1.4.0/stm32cubeide/plugins/com.st.stm32cube.ide.mcu.externaltools.gnu-tools-for-stm32.7-2018-q2-update.win32_1.4.0.202007081208/tools/bin/../lib/gcc/arm-none-eabi/7.3.1/thumb/v7-m/crtbegin.o
                0x000000002000000c                . = ALIGN (0x4)

.bss            0x0000000020000010       0xf0 load address 0x0000000008003440
                0x0000000020000010                _sbss = .
                0x0000000020000010                __bss_start__ = _sbss
 *(.bss)
 .bss           0x0000000020000010       0x1c d:/embedded/st/stm32cubeide_1.4.0/stm32cubeide/plugins/com.st.stm32cube.ide.mcu.externaltools.gnu-tools-for-stm32.7-2018-q2-update.win32_1.4.0.202007081208/tools/bin/../lib/gcc/arm-none-eabi/7.3.1/thumb/v7-m/crtbegin.o
 *(.bss*)
 .bss.tx_array  0x000000002000002c        0xa Core/Src/communication.o
                0x000000002000002c                tx_array
 .bss.rx_flag   0x0000000020000036        0x1 Core/Src/main.o
                0x0000000020000036                rx_flag
 *fill*         0x0000000020000037        0x1 
 .bss.rx_array  0x0000000020000038       0x14 Core/Src/main.o
                0x0000000020000038                rx_array
 *(COMMON)
 COMMON         0x000000002000004c        0x2 Core/Src/esc.o
                0x000000002000004c                esc_struct
 *fill*         0x000000002000004e        0x2 
 COMMON         0x0000000020000050       0x8c Core/Src/main.o
                0x0000000020000050                b_state
                0x0000000020000054                htim1
                0x000000002000009c                huart2
 COMMON         0x00000000200000dc        0x4 Drivers/STM32F1xx_HAL_Driver/Src/stm32f1xx_hal.o
                0x00000000200000dc                uwTick
 COMMON         0x00000000200000e0       0x20 Drivers/STM32F1xx_HAL_Driver/Src/stm32f1xx_hal_flash.o
                0x00000000200000e0                pFlash
                0x0000000020000100                . = ALIGN (0x4)
                0x0000000020000100                _ebss = .
                0x0000000020000100                __bss_end__ = _ebss

._user_heap_stack
                0x0000000020000100      0x600 load address 0x0000000008003440
                0x0000000020000100                . = ALIGN (0x8)
                [!provide]                        PROVIDE (end = .)
                0x0000000020000100                PROVIDE (_end = .)
                0x0000000020000300                . = (. + _Min_Heap_Size)
 *fill*         0x0000000020000100      0x200 
                0x0000000020000700                . = (. + _Min_Stack_Size)
 *fill*         0x0000000020000300      0x400 
                0x0000000020000700                . = ALIGN (0x8)

/DISCARD/
 libc.a(*)
 libm.a(*)
 libgcc.a(*)

.ARM.attributes
                0x0000000000000000       0x29
 *(.ARM.attributes)
 .ARM.attributes
                0x0000000000000000       0x1d d:/embedded/st/stm32cubeide_1.4.0/stm32cubeide/plugins/com.st.stm32cube.ide.mcu.externaltools.gnu-tools-for-stm32.7-2018-q2-update.win32_1.4.0.202007081208/tools/bin/../lib/gcc/arm-none-eabi/7.3.1/thumb/v7-m/crti.o
 .ARM.attributes
                0x000000000000001d       0x2d d:/embedded/st/stm32cubeide_1.4.0/stm32cubeide/plugins/com.st.stm32cube.ide.mcu.externaltools.gnu-tools-for-stm32.7-2018-q2-update.win32_1.4.0.202007081208/tools/bin/../lib/gcc/arm-none-eabi/7.3.1/thumb/v7-m/crtbegin.o
 .ARM.attributes
                0x000000000000004a       0x33 Core/Src/checksum.o
 .ARM.attributes
                0x000000000000007d       0x33 Core/Src/communication.o
 .ARM.attributes
                0x00000000000000b0       0x33 Core/Src/esc.o
 .ARM.attributes
                0x00000000000000e3       0x33 Core/Src/flash.o
 .ARM.attributes
                0x0000000000000116       0x33 Core/Src/main.o
 .ARM.attributes
                0x0000000000000149       0x33 Core/Src/stm32f1xx_hal_msp.o
 .ARM.attributes
                0x000000000000017c       0x33 Core/Src/stm32f1xx_it.o
 .ARM.attributes
                0x00000000000001af       0x33 Core/Src/system_stm32f1xx.o
 .ARM.attributes
                0x00000000000001e2       0x21 Core/Startup/startup_stm32f103c6tx.o
 .ARM.attributes
                0x0000000000000203       0x33 Drivers/STM32F1xx_HAL_Driver/Src/stm32f1xx_hal.o
 .ARM.attributes
                0x0000000000000236       0x33 Drivers/STM32F1xx_HAL_Driver/Src/stm32f1xx_hal_cortex.o
 .ARM.attributes
                0x0000000000000269       0x33 Drivers/STM32F1xx_HAL_Driver/Src/stm32f1xx_hal_dma.o
 .ARM.attributes
                0x000000000000029c       0x33 Drivers/STM32F1xx_HAL_Driver/Src/stm32f1xx_hal_flash.o
 .ARM.attributes
                0x00000000000002cf       0x33 Drivers/STM32F1xx_HAL_Driver/Src/stm32f1xx_hal_flash_ex.o
 .ARM.attributes
                0x0000000000000302       0x33 Drivers/STM32F1xx_HAL_Driver/Src/stm32f1xx_hal_gpio.o
 .ARM.attributes
                0x0000000000000335       0x33 Drivers/STM32F1xx_HAL_Driver/Src/stm32f1xx_hal_rcc.o
 .ARM.attributes
                0x0000000000000368       0x33 Drivers/STM32F1xx_HAL_Driver/Src/stm32f1xx_hal_tim.o
 .ARM.attributes
                0x000000000000039b       0x33 Drivers/STM32F1xx_HAL_Driver/Src/stm32f1xx_hal_tim_ex.o
 .ARM.attributes
                0x00000000000003ce       0x33 Drivers/STM32F1xx_HAL_Driver/Src/stm32f1xx_hal_uart.o
 .ARM.attributes
                0x0000000000000401       0x2d d:/embedded/st/stm32cubeide_1.4.0/stm32cubeide/plugins/com.st.stm32cube.ide.mcu.externaltools.gnu-tools-for-stm32.7-2018-q2-update.win32_1.4.0.202007081208/tools/bin/../lib/gcc/arm-none-eabi/7.3.1/../../../../arm-none-eabi/lib/thumb/v7-m\libc_nano.a(lib_a-init.o)
 .ARM.attributes
                0x000000000000042e       0x2d d:/embedded/st/stm32cubeide_1.4.0/stm32cubeide/plugins/com.st.stm32cube.ide.mcu.externaltools.gnu-tools-for-stm32.7-2018-q2-update.win32_1.4.0.202007081208/tools/bin/../lib/gcc/arm-none-eabi/7.3.1/../../../../arm-none-eabi/lib/thumb/v7-m\libc_nano.a(lib_a-memcpy-stub.o)
 .ARM.attributes
                0x000000000000045b       0x2d d:/embedded/st/stm32cubeide_1.4.0/stm32cubeide/plugins/com.st.stm32cube.ide.mcu.externaltools.gnu-tools-for-stm32.7-2018-q2-update.win32_1.4.0.202007081208/tools/bin/../lib/gcc/arm-none-eabi/7.3.1/../../../../arm-none-eabi/lib/thumb/v7-m\libc_nano.a(lib_a-memset.o)
 .ARM.attributes
                0x0000000000000488       0x1d d:/embedded/st/stm32cubeide_1.4.0/stm32cubeide/plugins/com.st.stm32cube.ide.mcu.externaltools.gnu-tools-for-stm32.7-2018-q2-update.win32_1.4.0.202007081208/tools/bin/../lib/gcc/arm-none-eabi/7.3.1/thumb/v7-m/crtn.o
OUTPUT(b_controller.elf elf32-littlearm)

.debug_info     0x0000000000000000     0xc4b7
 .debug_info    0x0000000000000000      0x41e Core/Src/checksum.o
 .debug_info    0x000000000000041e     0x10d8 Core/Src/communication.o
 .debug_info    0x00000000000014f6      0x313 Core/Src/esc.o
 .debug_info    0x0000000000001809      0x327 Core/Src/flash.o
 .debug_info    0x0000000000001b30      0xe91 Core/Src/main.o
 .debug_info    0x00000000000029c1      0xd1c Core/Src/stm32f1xx_hal_msp.o
 .debug_info    0x00000000000036dd      0x7b0 Core/Src/stm32f1xx_it.o
 .debug_info    0x0000000000003e8d      0x29a Core/Src/system_stm32f1xx.o
 .debug_info    0x0000000000004127       0x22 Core/Startup/startup_stm32f103c6tx.o
 .debug_info    0x0000000000004149      0x6f6 Drivers/STM32F1xx_HAL_Driver/Src/stm32f1xx_hal.o
 .debug_info    0x000000000000483f      0xb33 Drivers/STM32F1xx_HAL_Driver/Src/stm32f1xx_hal_cortex.o
 .debug_info    0x0000000000005372      0x7b1 Drivers/STM32F1xx_HAL_Driver/Src/stm32f1xx_hal_dma.o
 .debug_info    0x0000000000005b23      0x5a4 Drivers/STM32F1xx_HAL_Driver/Src/stm32f1xx_hal_flash.o
 .debug_info    0x00000000000060c7      0x7cd Drivers/STM32F1xx_HAL_Driver/Src/stm32f1xx_hal_flash_ex.o
 .debug_info    0x0000000000006894      0x69b Drivers/STM32F1xx_HAL_Driver/Src/stm32f1xx_hal_gpio.o
 .debug_info    0x0000000000006f2f      0x80f Drivers/STM32F1xx_HAL_Driver/Src/stm32f1xx_hal_rcc.o
 .debug_info    0x000000000000773e     0x27ef Drivers/STM32F1xx_HAL_Driver/Src/stm32f1xx_hal_tim.o
 .debug_info    0x0000000000009f2d     0x136f Drivers/STM32F1xx_HAL_Driver/Src/stm32f1xx_hal_tim_ex.o
 .debug_info    0x000000000000b29c     0x121b Drivers/STM32F1xx_HAL_Driver/Src/stm32f1xx_hal_uart.o

.debug_abbrev   0x0000000000000000     0x220b
 .debug_abbrev  0x0000000000000000      0x134 Core/Src/checksum.o
 .debug_abbrev  0x0000000000000134      0x22a Core/Src/communication.o
 .debug_abbrev  0x000000000000035e      0x12d Core/Src/esc.o
 .debug_abbrev  0x000000000000048b      0x123 Core/Src/flash.o
 .debug_abbrev  0x00000000000005ae      0x226 Core/Src/main.o
 .debug_abbrev  0x00000000000007d4      0x1c0 Core/Src/stm32f1xx_hal_msp.o
 .debug_abbrev  0x0000000000000994      0x1c1 Core/Src/stm32f1xx_it.o
 .debug_abbrev  0x0000000000000b55      0x134 Core/Src/system_stm32f1xx.o
 .debug_abbrev  0x0000000000000c89       0x12 Core/Startup/startup_stm32f103c6tx.o
 .debug_abbrev  0x0000000000000c9b      0x1c7 Drivers/STM32F1xx_HAL_Driver/Src/stm32f1xx_hal.o
 .debug_abbrev  0x0000000000000e62      0x2d5 Drivers/STM32F1xx_HAL_Driver/Src/stm32f1xx_hal_cortex.o
 .debug_abbrev  0x0000000000001137      0x1fe Drivers/STM32F1xx_HAL_Driver/Src/stm32f1xx_hal_dma.o
 .debug_abbrev  0x0000000000001335      0x210 Drivers/STM32F1xx_HAL_Driver/Src/stm32f1xx_hal_flash.o
 .debug_abbrev  0x0000000000001545      0x21b Drivers/STM32F1xx_HAL_Driver/Src/stm32f1xx_hal_flash_ex.o
 .debug_abbrev  0x0000000000001760      0x1c0 Drivers/STM32F1xx_HAL_Driver/Src/stm32f1xx_hal_gpio.o
 .debug_abbrev  0x0000000000001920      0x243 Drivers/STM32F1xx_HAL_Driver/Src/stm32f1xx_hal_rcc.o
 .debug_abbrev  0x0000000000001b63      0x230 Drivers/STM32F1xx_HAL_Driver/Src/stm32f1xx_hal_tim.o
 .debug_abbrev  0x0000000000001d93      0x236 Drivers/STM32F1xx_HAL_Driver/Src/stm32f1xx_hal_tim_ex.o
 .debug_abbrev  0x0000000000001fc9      0x242 Drivers/STM32F1xx_HAL_Driver/Src/stm32f1xx_hal_uart.o

.debug_aranges  0x0000000000000000      0xd98
 .debug_aranges
                0x0000000000000000       0x50 Core/Src/checksum.o
 .debug_aranges
                0x0000000000000050       0x30 Core/Src/communication.o
 .debug_aranges
                0x0000000000000080       0x20 Core/Src/esc.o
 .debug_aranges
                0x00000000000000a0       0x28 Core/Src/flash.o
 .debug_aranges
                0x00000000000000c8       0x48 Core/Src/main.o
 .debug_aranges
                0x0000000000000110       0x48 Core/Src/stm32f1xx_hal_msp.o
 .debug_aranges
                0x0000000000000158       0x80 Core/Src/stm32f1xx_it.o
 .debug_aranges
                0x00000000000001d8       0x28 Core/Src/system_stm32f1xx.o
 .debug_aranges
                0x0000000000000200       0x28 Core/Startup/startup_stm32f103c6tx.o
 .debug_aranges
                0x0000000000000228       0xe0 Drivers/STM32F1xx_HAL_Driver/Src/stm32f1xx_hal.o
 .debug_aranges
                0x0000000000000308      0x100 Drivers/STM32F1xx_HAL_Driver/Src/stm32f1xx_hal_cortex.o
 .debug_aranges
                0x0000000000000408       0x80 Drivers/STM32F1xx_HAL_Driver/Src/stm32f1xx_hal_dma.o
 .debug_aranges
                0x0000000000000488       0x88 Drivers/STM32F1xx_HAL_Driver/Src/stm32f1xx_hal_flash.o
 .debug_aranges
                0x0000000000000510       0x98 Drivers/STM32F1xx_HAL_Driver/Src/stm32f1xx_hal_flash_ex.o
 .debug_aranges
                0x00000000000005a8       0x58 Drivers/STM32F1xx_HAL_Driver/Src/stm32f1xx_hal_gpio.o
 .debug_aranges
                0x0000000000000600       0x90 Drivers/STM32F1xx_HAL_Driver/Src/stm32f1xx_hal_rcc.o
 .debug_aranges
                0x0000000000000690      0x3d0 Drivers/STM32F1xx_HAL_Driver/Src/stm32f1xx_hal_tim.o
 .debug_aranges
                0x0000000000000a60      0x168 Drivers/STM32F1xx_HAL_Driver/Src/stm32f1xx_hal_tim_ex.o
 .debug_aranges
                0x0000000000000bc8      0x1d0 Drivers/STM32F1xx_HAL_Driver/Src/stm32f1xx_hal_uart.o

.debug_ranges   0x0000000000000000      0xc70
 .debug_ranges  0x0000000000000000       0x40 Core/Src/checksum.o
 .debug_ranges  0x0000000000000040       0x20 Core/Src/communication.o
 .debug_ranges  0x0000000000000060       0x10 Core/Src/esc.o
 .debug_ranges  0x0000000000000070       0x18 Core/Src/flash.o
 .debug_ranges  0x0000000000000088       0x38 Core/Src/main.o
 .debug_ranges  0x00000000000000c0       0x38 Core/Src/stm32f1xx_hal_msp.o
 .debug_ranges  0x00000000000000f8       0x70 Core/Src/stm32f1xx_it.o
 .debug_ranges  0x0000000000000168       0x18 Core/Src/system_stm32f1xx.o
 .debug_ranges  0x0000000000000180       0x20 Core/Startup/startup_stm32f103c6tx.o
 .debug_ranges  0x00000000000001a0       0xd0 Drivers/STM32F1xx_HAL_Driver/Src/stm32f1xx_hal.o
 .debug_ranges  0x0000000000000270       0xf0 Drivers/STM32F1xx_HAL_Driver/Src/stm32f1xx_hal_cortex.o
 .debug_ranges  0x0000000000000360       0x70 Drivers/STM32F1xx_HAL_Driver/Src/stm32f1xx_hal_dma.o
 .debug_ranges  0x00000000000003d0       0x78 Drivers/STM32F1xx_HAL_Driver/Src/stm32f1xx_hal_flash.o
 .debug_ranges  0x0000000000000448       0x88 Drivers/STM32F1xx_HAL_Driver/Src/stm32f1xx_hal_flash_ex.o
 .debug_ranges  0x00000000000004d0       0x48 Drivers/STM32F1xx_HAL_Driver/Src/stm32f1xx_hal_gpio.o
 .debug_ranges  0x0000000000000518       0x80 Drivers/STM32F1xx_HAL_Driver/Src/stm32f1xx_hal_rcc.o
 .debug_ranges  0x0000000000000598      0x3c0 Drivers/STM32F1xx_HAL_Driver/Src/stm32f1xx_hal_tim.o
 .debug_ranges  0x0000000000000958      0x158 Drivers/STM32F1xx_HAL_Driver/Src/stm32f1xx_hal_tim_ex.o
 .debug_ranges  0x0000000000000ab0      0x1c0 Drivers/STM32F1xx_HAL_Driver/Src/stm32f1xx_hal_uart.o

.debug_macro    0x0000000000000000    0x17cac
 .debug_macro   0x0000000000000000      0x1f7 Core/Src/checksum.o
 .debug_macro   0x00000000000001f7      0xa5a Core/Src/checksum.o
 .debug_macro   0x0000000000000c51       0x22 Core/Src/checksum.o
 .debug_macro   0x0000000000000c73       0x8e Core/Src/checksum.o
 .debug_macro   0x0000000000000d01       0x51 Core/Src/checksum.o
 .debug_macro   0x0000000000000d52       0xef Core/Src/checksum.o
 .debug_macro   0x0000000000000e41       0x6a Core/Src/checksum.o
 .debug_macro   0x0000000000000eab      0x1df Core/Src/checksum.o
 .debug_macro   0x000000000000108a       0x22 Core/Src/checksum.o
 .debug_macro   0x00000000000010ac      0x21b Core/Src/checksum.o
 .debug_macro   0x00000000000012c7       0x2e Core/Src/checksum.o
 .debug_macro   0x00000000000012f5       0x22 Core/Src/checksum.o
 .debug_macro   0x0000000000001317       0x1c Core/Src/checksum.o
 .debug_macro   0x0000000000001333       0x22 Core/Src/checksum.o
 .debug_macro   0x0000000000001355       0xc3 Core/Src/checksum.o
 .debug_macro   0x0000000000001418      0xd23 Core/Src/checksum.o
 .debug_macro   0x000000000000213b     0xde6e Core/Src/checksum.o
 .debug_macro   0x000000000000ffa9       0x43 Core/Src/checksum.o
 .debug_macro   0x000000000000ffec     0x3468 Core/Src/checksum.o
 .debug_macro   0x0000000000013454      0x174 Core/Src/checksum.o
 .debug_macro   0x00000000000135c8       0x5c Core/Src/checksum.o
 .debug_macro   0x0000000000013624      0x5be Core/Src/checksum.o
 .debug_macro   0x0000000000013be2      0x1b7 Core/Src/checksum.o
 .debug_macro   0x0000000000013d99      0x1cb Core/Src/checksum.o
 .debug_macro   0x0000000000013f64      0x114 Core/Src/checksum.o
 .debug_macro   0x0000000000014078      0x1b2 Core/Src/checksum.o
 .debug_macro   0x000000000001422a       0x27 Core/Src/checksum.o
 .debug_macro   0x0000000000014251      0x12f Core/Src/checksum.o
 .debug_macro   0x0000000000014380      0x1bc Core/Src/checksum.o
 .debug_macro   0x000000000001453c       0x34 Core/Src/checksum.o
 .debug_macro   0x0000000000014570       0x3c Core/Src/checksum.o
 .debug_macro   0x00000000000145ac       0x57 Core/Src/checksum.o
 .debug_macro   0x0000000000014603       0x88 Core/Src/checksum.o
 .debug_macro   0x000000000001468b      0x183 Core/Src/checksum.o
 .debug_macro   0x000000000001480e      0x141 Core/Src/checksum.o
 .debug_macro   0x000000000001494f      0x8d1 Core/Src/checksum.o
 .debug_macro   0x0000000000015220      0x26b Core/Src/checksum.o
 .debug_macro   0x000000000001548b       0x69 Core/Src/checksum.o
 .debug_macro   0x00000000000154f4       0x58 Core/Src/checksum.o
 .debug_macro   0x000000000001554c       0x34 Core/Src/checksum.o
 .debug_macro   0x0000000000015580       0x10 Core/Src/checksum.o
 .debug_macro   0x0000000000015590       0x1c Core/Src/checksum.o
 .debug_macro   0x00000000000155ac      0x2c0 Core/Src/communication.o
 .debug_macro   0x000000000001586c       0x46 Core/Src/communication.o
 .debug_macro   0x00000000000158b2       0x18 Core/Src/communication.o
 .debug_macro   0x00000000000158ca       0x3c Core/Src/communication.o
 .debug_macro   0x0000000000015906       0x34 Core/Src/communication.o
 .debug_macro   0x000000000001593a       0x52 Core/Src/communication.o
 .debug_macro   0x000000000001598c       0x1f Core/Src/communication.o
 .debug_macro   0x00000000000159ab       0x43 Core/Src/communication.o
 .debug_macro   0x00000000000159ee       0x20 Core/Src/communication.o
 .debug_macro   0x0000000000015a0e      0x1a3 Core/Src/communication.o
 .debug_macro   0x0000000000015bb1      0x330 Core/Src/communication.o
 .debug_macro   0x0000000000015ee1       0x10 Core/Src/communication.o
 .debug_macro   0x0000000000015ef1       0x35 Core/Src/communication.o
 .debug_macro   0x0000000000015f26       0x20 Core/Src/communication.o
 .debug_macro   0x0000000000015f46       0xbd Core/Src/communication.o
 .debug_macro   0x0000000000016003       0x56 Core/Src/communication.o
 .debug_macro   0x0000000000016059      0x1fb Core/Src/esc.o
 .debug_macro   0x0000000000016254      0x1be Core/Src/flash.o
 .debug_macro   0x0000000000016412      0x1f7 Core/Src/main.o
 .debug_macro   0x0000000000016609      0x1f7 Core/Src/stm32f1xx_hal_msp.o
 .debug_macro   0x0000000000016800      0x201 Core/Src/stm32f1xx_it.o
 .debug_macro   0x0000000000016a01      0x1a2 Core/Src/system_stm32f1xx.o
 .debug_macro   0x0000000000016ba3      0x1c6 Drivers/STM32F1xx_HAL_Driver/Src/stm32f1xx_hal.o
 .debug_macro   0x0000000000016d69      0x1a2 Drivers/STM32F1xx_HAL_Driver/Src/stm32f1xx_hal_cortex.o
 .debug_macro   0x0000000000016f0b      0x1a2 Drivers/STM32F1xx_HAL_Driver/Src/stm32f1xx_hal_dma.o
 .debug_macro   0x00000000000170ad      0x1a2 Drivers/STM32F1xx_HAL_Driver/Src/stm32f1xx_hal_flash.o
 .debug_macro   0x000000000001724f      0x1b4 Drivers/STM32F1xx_HAL_Driver/Src/stm32f1xx_hal_flash_ex.o
 .debug_macro   0x0000000000017403      0x20d Drivers/STM32F1xx_HAL_Driver/Src/stm32f1xx_hal_gpio.o
 .debug_macro   0x0000000000017610      0x1b4 Drivers/STM32F1xx_HAL_Driver/Src/stm32f1xx_hal_rcc.o
 .debug_macro   0x00000000000177c4      0x1a3 Drivers/STM32F1xx_HAL_Driver/Src/stm32f1xx_hal_tim.o
 .debug_macro   0x0000000000017967      0x1a2 Drivers/STM32F1xx_HAL_Driver/Src/stm32f1xx_hal_tim_ex.o
 .debug_macro   0x0000000000017b09      0x1a3 Drivers/STM32F1xx_HAL_Driver/Src/stm32f1xx_hal_uart.o

.debug_line     0x0000000000000000     0xbde7
 .debug_line    0x0000000000000000      0x801 Core/Src/checksum.o
 .debug_line    0x0000000000000801      0x87a Core/Src/communication.o
 .debug_line    0x000000000000107b      0x6dc Core/Src/esc.o
 .debug_line    0x0000000000001757      0x6e8 Core/Src/flash.o
 .debug_line    0x0000000000001e3f      0x7bf Core/Src/main.o
 .debug_line    0x00000000000025fe      0x760 Core/Src/stm32f1xx_hal_msp.o
 .debug_line    0x0000000000002d5e      0x7fb Core/Src/stm32f1xx_it.o
 .debug_line    0x0000000000003559      0x6c3 Core/Src/system_stm32f1xx.o
 .debug_line    0x0000000000003c1c       0x84 Core/Startup/startup_stm32f103c6tx.o
 .debug_line    0x0000000000003ca0      0x876 Drivers/STM32F1xx_HAL_Driver/Src/stm32f1xx_hal.o
 .debug_line    0x0000000000004516      0x94d Drivers/STM32F1xx_HAL_Driver/Src/stm32f1xx_hal_cortex.o
 .debug_line    0x0000000000004e63      0xadb Drivers/STM32F1xx_HAL_Driver/Src/stm32f1xx_hal_dma.o
 .debug_line    0x000000000000593e      0x891 Drivers/STM32F1xx_HAL_Driver/Src/stm32f1xx_hal_flash.o
 .debug_line    0x00000000000061cf      0x8a0 Drivers/STM32F1xx_HAL_Driver/Src/stm32f1xx_hal_flash_ex.o
 .debug_line    0x0000000000006a6f      0x85e Drivers/STM32F1xx_HAL_Driver/Src/stm32f1xx_hal_gpio.o
 .debug_line    0x00000000000072cd      0x936 Drivers/STM32F1xx_HAL_Driver/Src/stm32f1xx_hal_rcc.o
 .debug_line    0x0000000000007c03     0x1f85 Drivers/STM32F1xx_HAL_Driver/Src/stm32f1xx_hal_tim.o
 .debug_line    0x0000000000009b88     0x12ab Drivers/STM32F1xx_HAL_Driver/Src/stm32f1xx_hal_tim_ex.o
 .debug_line    0x000000000000ae33      0xfb4 Drivers/STM32F1xx_HAL_Driver/Src/stm32f1xx_hal_uart.o

.debug_str      0x0000000000000000    0x87570
 .debug_str     0x0000000000000000    0x80b67 Core/Src/checksum.o
                                      0x80eba (size before relaxing)
 .debug_str     0x0000000000080b67     0x33e4 Core/Src/communication.o
                                      0x842bc (size before relaxing)
 .debug_str     0x0000000000083f4b       0x32 Core/Src/esc.o
                                      0x80e77 (size before relaxing)
 .debug_str     0x0000000000083f7d       0xde Core/Src/flash.o
                                      0x80cea (size before relaxing)
 .debug_str     0x000000000008405b      0x63c Core/Src/main.o
                                      0x8189d (size before relaxing)
 .debug_str     0x0000000000084697      0x2f7 Core/Src/stm32f1xx_hal_msp.o
                                      0x8183c (size before relaxing)
 .debug_str     0x000000000008498e      0x11d Core/Src/stm32f1xx_it.o
                                      0x812ff (size before relaxing)
 .debug_str     0x0000000000084aab       0x52 Core/Src/system_stm32f1xx.o
                                      0x80b38 (size before relaxing)
 .debug_str     0x0000000000084afd       0x36 Core/Startup/startup_stm32f103c6tx.o
                                         0x78 (size before relaxing)
 .debug_str     0x0000000000084b33      0x304 Drivers/STM32F1xx_HAL_Driver/Src/stm32f1xx_hal.o
                                      0x8118f (size before relaxing)
 .debug_str     0x0000000000084e37      0x300 Drivers/STM32F1xx_HAL_Driver/Src/stm32f1xx_hal_cortex.o
                                      0x81197 (size before relaxing)
 .debug_str     0x0000000000085137      0x235 Drivers/STM32F1xx_HAL_Driver/Src/stm32f1xx_hal_dma.o
                                      0x80f13 (size before relaxing)
 .debug_str     0x000000000008536c      0x286 Drivers/STM32F1xx_HAL_Driver/Src/stm32f1xx_hal_flash.o
                                      0x80e0e (size before relaxing)
 .debug_str     0x00000000000855f2      0x30a Drivers/STM32F1xx_HAL_Driver/Src/stm32f1xx_hal_flash_ex.o
                                      0x80fb4 (size before relaxing)
 .debug_str     0x00000000000858fc      0x31f Drivers/STM32F1xx_HAL_Driver/Src/stm32f1xx_hal_gpio.o
                                      0x80efc (size before relaxing)
 .debug_str     0x0000000000085c1b      0x24f Drivers/STM32F1xx_HAL_Driver/Src/stm32f1xx_hal_rcc.o
                                      0x80f35 (size before relaxing)
 .debug_str     0x0000000000085e6a      0xd86 Drivers/STM32F1xx_HAL_Driver/Src/stm32f1xx_hal_tim.o
                                      0x81f07 (size before relaxing)
 .debug_str     0x0000000000086bf0      0x483 Drivers/STM32F1xx_HAL_Driver/Src/stm32f1xx_hal_tim_ex.o
                                      0x816e1 (size before relaxing)
 .debug_str     0x0000000000087073      0x4fd Drivers/STM32F1xx_HAL_Driver/Src/stm32f1xx_hal_uart.o
                                      0x8143b (size before relaxing)

.comment        0x0000000000000000       0x7b
 .comment       0x0000000000000000       0x7b Core/Src/checksum.o
                                         0x7c (size before relaxing)
 .comment       0x000000000000007b       0x7c Core/Src/communication.o
 .comment       0x000000000000007b       0x7c Core/Src/esc.o
 .comment       0x000000000000007b       0x7c Core/Src/flash.o
 .comment       0x000000000000007b       0x7c Core/Src/main.o
 .comment       0x000000000000007b       0x7c Core/Src/stm32f1xx_hal_msp.o
 .comment       0x000000000000007b       0x7c Core/Src/stm32f1xx_it.o
 .comment       0x000000000000007b       0x7c Core/Src/system_stm32f1xx.o
 .comment       0x000000000000007b       0x7c Drivers/STM32F1xx_HAL_Driver/Src/stm32f1xx_hal.o
 .comment       0x000000000000007b       0x7c Drivers/STM32F1xx_HAL_Driver/Src/stm32f1xx_hal_cortex.o
 .comment       0x000000000000007b       0x7c Drivers/STM32F1xx_HAL_Driver/Src/stm32f1xx_hal_dma.o
 .comment       0x000000000000007b       0x7c Drivers/STM32F1xx_HAL_Driver/Src/stm32f1xx_hal_flash.o
 .comment       0x000000000000007b       0x7c Drivers/STM32F1xx_HAL_Driver/Src/stm32f1xx_hal_flash_ex.o
 .comment       0x000000000000007b       0x7c Drivers/STM32F1xx_HAL_Driver/Src/stm32f1xx_hal_gpio.o
 .comment       0x000000000000007b       0x7c Drivers/STM32F1xx_HAL_Driver/Src/stm32f1xx_hal_rcc.o
 .comment       0x000000000000007b       0x7c Drivers/STM32F1xx_HAL_Driver/Src/stm32f1xx_hal_tim.o
 .comment       0x000000000000007b       0x7c Drivers/STM32F1xx_HAL_Driver/Src/stm32f1xx_hal_tim_ex.o
 .comment       0x000000000000007b       0x7c Drivers/STM32F1xx_HAL_Driver/Src/stm32f1xx_hal_uart.o

.debug_frame    0x0000000000000000     0x37c0
 .debug_frame   0x0000000000000000      0x128 Core/Src/checksum.o
 .debug_frame   0x0000000000000128       0x80 Core/Src/communication.o
 .debug_frame   0x00000000000001a8       0x38 Core/Src/esc.o
 .debug_frame   0x00000000000001e0       0x60 Core/Src/flash.o
 .debug_frame   0x0000000000000240       0xd8 Core/Src/main.o
 .debug_frame   0x0000000000000318       0xf0 Core/Src/stm32f1xx_hal_msp.o
 .debug_frame   0x0000000000000408      0x190 Core/Src/stm32f1xx_it.o
 .debug_frame   0x0000000000000598       0x58 Core/Src/system_stm32f1xx.o
 .debug_frame   0x00000000000005f0      0x334 Drivers/STM32F1xx_HAL_Driver/Src/stm32f1xx_hal.o
 .debug_frame   0x0000000000000924      0x428 Drivers/STM32F1xx_HAL_Driver/Src/stm32f1xx_hal_cortex.o
 .debug_frame   0x0000000000000d4c      0x208 Drivers/STM32F1xx_HAL_Driver/Src/stm32f1xx_hal_dma.o
 .debug_frame   0x0000000000000f54      0x214 Drivers/STM32F1xx_HAL_Driver/Src/stm32f1xx_hal_flash.o
 .debug_frame   0x0000000000001168      0x258 Drivers/STM32F1xx_HAL_Driver/Src/stm32f1xx_hal_flash_ex.o
 .debug_frame   0x00000000000013c0      0x14c Drivers/STM32F1xx_HAL_Driver/Src/stm32f1xx_hal_gpio.o
 .debug_frame   0x000000000000150c      0x21c Drivers/STM32F1xx_HAL_Driver/Src/stm32f1xx_hal_rcc.o
 .debug_frame   0x0000000000001728     0x11b8 Drivers/STM32F1xx_HAL_Driver/Src/stm32f1xx_hal_tim.o
 .debug_frame   0x00000000000028e0      0x638 Drivers/STM32F1xx_HAL_Driver/Src/stm32f1xx_hal_tim_ex.o
 .debug_frame   0x0000000000002f18      0x834 Drivers/STM32F1xx_HAL_Driver/Src/stm32f1xx_hal_uart.o
 .debug_frame   0x000000000000374c       0x2c d:/embedded/st/stm32cubeide_1.4.0/stm32cubeide/plugins/com.st.stm32cube.ide.mcu.externaltools.gnu-tools-for-stm32.7-2018-q2-update.win32_1.4.0.202007081208/tools/bin/../lib/gcc/arm-none-eabi/7.3.1/../../../../arm-none-eabi/lib/thumb/v7-m\libc_nano.a(lib_a-init.o)
 .debug_frame   0x0000000000003778       0x28 d:/embedded/st/stm32cubeide_1.4.0/stm32cubeide/plugins/com.st.stm32cube.ide.mcu.externaltools.gnu-tools-for-stm32.7-2018-q2-update.win32_1.4.0.202007081208/tools/bin/../lib/gcc/arm-none-eabi/7.3.1/../../../../arm-none-eabi/lib/thumb/v7-m\libc_nano.a(lib_a-memcpy-stub.o)
 .debug_frame   0x00000000000037a0       0x20 d:/embedded/st/stm32cubeide_1.4.0/stm32cubeide/plugins/com.st.stm32cube.ide.mcu.externaltools.gnu-tools-for-stm32.7-2018-q2-update.win32_1.4.0.202007081208/tools/bin/../lib/gcc/arm-none-eabi/7.3.1/../../../../arm-none-eabi/lib/thumb/v7-m\libc_nano.a(lib_a-memset.o)
